[www.dukunsakti.co/index.html]
[backblue.gif]
[fade.gif]
[index.html]
[www.dukunsakti.co/wp-content/uploads/2023/08/dukun-sakti-fav.png]
[www.dukunsakti.co/wp-includes/css/dist/block-library/style.min84fc.css]
[www.dukunsakti.co/wp-content/plugins/chaty-pro/css/chaty-front.minc380.css]
[www.dukunsakti.co/feed/index.html]
[www.dukunsakti.co/wp-content/themes/showroom/style84fc.css]
[www.dukunsakti.co/wp-content/themes/showroom/ie5fba.css]
[www.dukunsakti.co/wp-content/themes/showroom/owl/css/owl.carousel.min5fba.css]
[www.dukunsakti.co/wp-content/themes/showroom/owl/css/owl.animate5fba.css]
[www.dukunsakti.co/wp-content/themes/showroom/owl/css/owl.theme.default.min5fba.css]
[www.dukunsakti.co/wp-content/themes/showroom/font-awesome/css/font-awesome.min5fba.css]
[www.dukunsakti.co/wp-includes/js/jquery/jquery.minf43b.js]
[www.dukunsakti.co/wp-includes/js/jquery/jquery-migrate.min5589.js]
[www.dukunsakti.co/wp-content/themes/showroom/js/jquery.slide1702.js]
[www.dukunsakti.co/wp-json/wp/v2/pages/248.json]
[www.dukunsakti.co/wp-json/index.html]
[www.dukunsakti.co/xmlrpc0db0.php]
[www.dukunsakti.co/wp-json/oembed/1.0/embedd2a5.json]
[www.dukunsakti.co/wp-json/oembed/1.0/embedb1f7]
[www.dukunsakti.co/wp-content/uploads/2023/08/cropped-dukun-sakti-fav-32x32.png]
[www.dukunsakti.co/wp-content/uploads/2023/08/cropped-dukun-sakti-fav-192x192.png]
[www.dukunsakti.co/wp-content/uploads/2023/08/cropped-dukun-sakti-fav-180x180.png]
[www.dukunsakti.co/wp-content/uploads/2023/07/Background-2000x450-06.jpg]
[www.dukunsakti.co/wp-content/uploads/2023/08/dukun-sakti-dark.png]
[www.dukunsakti.co/wp-content/uploads/2023/02/dukun-sakti-2.jpg]
[www.dukunsakti.co/wp-content/uploads/2023/02/dukun-sakti-3.jpg]
[www.dukunsakti.co/jasa-pelet-aji-asmoro-bangun/index.html]
[www.dukunsakti.co/jasa-pelet-aji-dewi-asih/index.html]
[www.dukunsakti.co/jasa-pelet-aji-puter-giling/index.html]
[www.dukunsakti.co/wp-content/uploads/2023/02/dukun-sakti-1.jpg]
[www.dukunsakti.co/wp-content/uploads/2023/02/dukun-sakti-4.jpg]
[www.dukunsakti.co/jasa-pelet-pangkanan/index.html]
[www.dukunsakti.co/jasa-pelet-aji-tresno-sejati/index.html]
[www.dukunsakti.co/wp-content/uploads/2022/08/agus-wardana-santet-1-600x400.jpg]
[www.dukunsakti.co/wp-content/uploads/2021/09/pelet-ki-agus-wardana-1-600x400.jpg]
[www.dukunsakti.co/wp-content/uploads/2023/08/dukun-sakti.jpg]
[www.dukunsakti.co/jasa-pelet-sejati-hati/index.html]
[www.dukunsakti.co/santet-damai-perkara/index.html]
[www.dukunsakti.co/wp-content/plugins/wp-content-copy-protector/images/warning.png]
[www.dukunsakti.co/wp-content/plugins/chaty-pro/js/cht-front-script.minc380.js]
[www.dukunsakti.co/santet-gagak-hitam/index.html]
[www.dukunsakti.co/wp-content/themes/showroom/js/accordion1702.js]
[www.dukunsakti.co/santet-jago-merah/index.html]
[www.dukunsakti.co/santet-jin-seribu/index.html]
[www.dukunsakti.co/wp-content/themes/showroom/js/footer-script1702.js]
[www.dukunsakti.co/santet-kunci-birahi/index.html]
[www.dukunsakti.co/santet-pengunci-jodoh/index.html]
[www.dukunsakti.co/santet-petaka-bumi/index.html]
[www.dukunsakti.co/wp-content/themes/showroom/owl/js/owl.carousel.min1702.js]
[www.dukunsakti.co/index.html]
[www.dukunsakti.co/wp-includes/css/dist/block-library/style.min84fc.css]
[www.dukunsakti.co/santet-tali-kafan/index.html]
[www.dukunsakti.co/santet-tusuk-sate/index.html]
[www.dukunsakti.co/wp-content/plugins/chaty-pro/images/whatsapp.png]
[www.dukunsakti.co/kontak/index.html]
[www.dukunsakti.co/model/index.html]
[www.dukunsakti.co/wp-content/plugins/chaty-pro/images/header-top.png]
[www.dukunsakti.co/wp-content/plugins/chaty-pro/images/header-bottom.png]
[www.dukunsakti.co/wp-content/plugins/chaty-pro/css/chaty-front.minc380.css]
[www.dukunsakti.co/wp-content/themes/showroom/images/post_prev.png]
[www.dukunsakti.co/wp-content/themes/showroom/images/post_next.png]
[www.dukunsakti.co/wp-content/themes/showroom/style84fc.css]
[www.dukunsakti.co/wp-content/themes/showroom/ie5fba.html]
[www.dukunsakti.co/wp-content/themes/showroom/owl/css/owl.video.play.png]
[www.dukunsakti.co/wp-content/themes/showroom/owl/css/owl.carousel.min5fba.css]
[www.dukunsakti.co/wp-content/themes/showroom/owl/css/owl.animate5fba.css]
[www.dukunsakti.co/wp-content/themes/showroom/owl/css/owl.theme.default.min5fba.css]
[www.dukunsakti.co/wp-content/themes/showroom/font-awesome/fonts/fontawesome-webfont3295.eot]
[www.dukunsakti.co/wp-content/themes/showroom/font-awesome/fonts/fontawesome-webfontd41d.eot]
[www.dukunsakti.co/wp-content/themes/showroom/font-awesome/fonts/fontawesome-webfont3295.woff2]
[www.dukunsakti.co/wp-content/themes/showroom/font-awesome/fonts/fontawesome-webfont3295.woff]
[www.dukunsakti.co/wp-content/themes/showroom/font-awesome/fonts/fontawesome-webfont3295.ttf]
[www.dukunsakti.co/wp-content/themes/showroom/font-awesome/css/font-awesome.min5fba.css]
[www.dukunsakti.co/wp-content/themes/showroom/font-awesome/fonts/fontawesome-webfont3295.svg]
[www.dukunsakti.co/wp-content/uploads/2021/09/pelet-ki-agus-wardana-1.jpg]
[www.dukunsakti.co/wp-json/wp/v2/posts/3786.json]
[www.dukunsakti.co/jasa-pelet-aji-asmoro-bangun/index7186.html]
[www.dukunsakti.co/wp-json/oembed/1.0/embed2ab9.json]
[www.dukunsakti.co/wp-json/oembed/1.0/embed58b3]
[www.dukunsakti.co/wp-content/uploads/2021/09/pelet-ki-agus-wardana-1-200x150.jpg]
[www.dukunsakti.co/category/ajian-pelet/index.html]
[www.dukunsakti.co/wp-content/uploads/2022/08/agus-wardana-santet-1-200x150.jpg]
[www.dukunsakti.co/jasa-pelet-aji-asmoro-bangun/index.html]
[www.dukunsakti.co/wp-json/wp/v2/posts/3780.json]
[www.dukunsakti.co/jasa-pelet-aji-dewi-asih/index7186.html]
[www.dukunsakti.co/wp-json/oembed/1.0/embed46ca.json]
[www.dukunsakti.co/jasa-pelet-aji-dewi-asih/index.html]
[www.dukunsakti.co/wp-json/oembed/1.0/embedc1bc]
[www.dukunsakti.co/wp-json/wp/v2/posts/3792.json]
[www.dukunsakti.co/jasa-pelet-aji-puter-giling/index7186.html]
[www.dukunsakti.co/wp-json/oembed/1.0/embed524f.json]
[www.dukunsakti.co/wp-json/oembed/1.0/embed2f2c]
[www.dukunsakti.co/jasa-pelet-aji-puter-giling/index.html]
[www.dukunsakti.co/wp-json/wp/v2/posts/3790.json]
[www.dukunsakti.co/jasa-pelet-aji-tresno-sejati/index7186.html]
[www.dukunsakti.co/wp-json/oembed/1.0/embeda04f.json]
[www.dukunsakti.co/wp-json/oembed/1.0/embed4eae]
[www.dukunsakti.co/jasa-pelet-aji-tresno-sejati/index.html]
[www.dukunsakti.co/jasa-pelet-pangkanan/index7186.html]
[www.dukunsakti.co/wp-json/wp/v2/posts/3794.json]
[www.dukunsakti.co/wp-json/oembed/1.0/embedff84.json]
[www.dukunsakti.co/jasa-pelet-pangkanan/index.html]
[www.dukunsakti.co/wp-json/oembed/1.0/embedad88]
[www.dukunsakti.co/jasa-pelet-sejati-hati/index7186.html]
[www.dukunsakti.co/wp-json/wp/v2/posts/3796.json]
[www.dukunsakti.co/wp-json/oembed/1.0/embedd6e6.json]
[www.dukunsakti.co/wp-json/oembed/1.0/embed0850]
[www.dukunsakti.co/jasa-pelet-sejati-hati/index.html]
[www.dukunsakti.co/wp-content/uploads/2022/08/agus-wardana-santet-1.jpg]
[www.dukunsakti.co/santet-damai-perkara/index7186.html]
[www.dukunsakti.co/wp-json/wp/v2/posts/3890.json]
[www.dukunsakti.co/wp-json/oembed/1.0/embed5765.json]
[www.dukunsakti.co/wp-json/oembed/1.0/embed3a8e]
[www.dukunsakti.co/santet-damai-perkara/index.html]
[www.dukunsakti.co/tag/santet-sakti/index.html]
[www.dukunsakti.co/category/santet-sakti/index.html]
[www.dukunsakti.co/tag/santet-ampuh/index.html]
[www.dukunsakti.co/santet-gagak-hitam/index7186.html]
[www.dukunsakti.co/wp-json/wp/v2/posts/3894.json]
[www.dukunsakti.co/wp-json/oembed/1.0/embed1fd7.json]
[www.dukunsakti.co/santet-gagak-hitam/index.html]
[www.dukunsakti.co/wp-json/oembed/1.0/embed7190]
[www.dukunsakti.co/tag/ki-agus-wardana/index.html]
[www.dukunsakti.co/wp-json/wp/v2/posts/3884.json]
[www.dukunsakti.co/santet-jago-merah/index7186.html]
[www.dukunsakti.co/wp-json/oembed/1.0/embedeae4.json]
[www.dukunsakti.co/wp-json/oembed/1.0/embed6755]
[www.dukunsakti.co/santet-jago-merah/index.html]
[www.dukunsakti.co/santet-jin-seribu/index7186.html]
[www.dukunsakti.co/wp-json/wp/v2/posts/3908.json]
[www.dukunsakti.co/wp-json/oembed/1.0/embed248d.json]
[www.dukunsakti.co/santet-jin-seribu/index.html]
[www.dukunsakti.co/wp-json/oembed/1.0/embed8960]
[www.dukunsakti.co/wp-json/wp/v2/posts/3899.json]
[www.dukunsakti.co/santet-kunci-birahi/index7186.html]
[www.dukunsakti.co/wp-json/oembed/1.0/embed8067.json]
[www.dukunsakti.co/wp-json/oembed/1.0/embed7551]
[www.dukunsakti.co/santet-kunci-birahi/index.html]
[www.dukunsakti.co/wp-json/wp/v2/posts/3915.json]
[www.dukunsakti.co/santet-pengunci-jodoh/index7186.html]
[www.dukunsakti.co/wp-json/oembed/1.0/embedffc6.json]
[www.dukunsakti.co/santet-pengunci-jodoh/index.html]
[www.dukunsakti.co/wp-json/oembed/1.0/embed5102]
[www.dukunsakti.co/wp-json/wp/v2/posts/3918.json]
[www.dukunsakti.co/santet-petaka-bumi/index7186.html]
[www.dukunsakti.co/wp-json/oembed/1.0/embed66ec.json]
[www.dukunsakti.co/santet-petaka-bumi/index.html]
[www.dukunsakti.co/wp-json/oembed/1.0/embed560d]
[www.dukunsakti.co/santet-tali-kafan/index7186.html]
[www.dukunsakti.co/wp-json/wp/v2/posts/3921.json]
[www.dukunsakti.co/wp-json/oembed/1.0/embedfcf7.json]
[www.dukunsakti.co/wp-json/oembed/1.0/embed53b9]
[www.dukunsakti.co/santet-tali-kafan/index.html]
[www.dukunsakti.co/santet-tusuk-sate/index7186.html]
[www.dukunsakti.co/wp-json/wp/v2/posts/3904.json]
[www.dukunsakti.co/wp-json/oembed/1.0/embed9a41.json]
[www.dukunsakti.co/santet-tusuk-sate/index.html]
[www.dukunsakti.co/wp-json/oembed/1.0/embed656e]
[www.dukunsakti.co/kontak/indexdf7c.html]
[www.dukunsakti.co/wp-json/wp/v2/pages/123.json]
[www.dukunsakti.co/wp-json/oembed/1.0/embed5dae.json]
[www.dukunsakti.co/kontak/index.html]
[www.dukunsakti.co/wp-json/oembed/1.0/embedfb38]
[www.dukunsakti.co/model/index.html]
[www.dukunsakti.co/wp-content/themes/showroom/owl/css/owl.video.play.html]
[www.dukunsakti.co/wp-content/themes/showroom/font-awesome/fonts/fontawesome-webfont3295.svg]
[www.dukunsakti.co/jasa-pelet-aji-asmoro-bangun/index7186.html]
[www.dukunsakti.co/indexe08a.html]
[www.dukunsakti.co/model/feed/index.html]
[www.dukunsakti.co/category/ajian-pelet/feed/index.html]
[www.dukunsakti.co/wp-json/wp/v2/categories/25.json]
[www.dukunsakti.co/category/ajian-pelet/index.html]
[www.dukunsakti.co/jasa-pelet-aji-dewi-asih/index7186.html]
[www.dukunsakti.co/index1250.html]
[www.dukunsakti.co/jasa-pelet-aji-puter-giling/index7186.html]
[www.dukunsakti.co/index7642.html]
[www.dukunsakti.co/jasa-pelet-aji-tresno-sejati/index7186.html]
[www.dukunsakti.co/index559a.html]
[www.dukunsakti.co/jasa-pelet-pangkanan/index7186.html]
[www.dukunsakti.co/indexd441.html]
[www.dukunsakti.co/jasa-pelet-sejati-hati/index7186.html]
[www.dukunsakti.co/index33f1.html]
[www.dukunsakti.co/santet-damai-perkara/index7186.html]
[www.dukunsakti.co/indexbc30.html]
[www.dukunsakti.co/category/santet-sakti/feed/index.html]
[www.dukunsakti.co/wp-json/wp/v2/categories/34.json]
[www.dukunsakti.co/category/santet-sakti/index.html]
[www.dukunsakti.co/tag/santet-ampuh/feed/index.html]
[www.dukunsakti.co/wp-json/wp/v2/tags/33.json]
[www.dukunsakti.co/tag/santet-ampuh/index.html]
[www.dukunsakti.co/tag/santet-sakti/feed/index.html]
[www.dukunsakti.co/wp-json/wp/v2/tags/35.json]
[www.dukunsakti.co/tag/santet-sakti/index.html]
[www.dukunsakti.co/santet-gagak-hitam/index7186.html]
[www.dukunsakti.co/index28bb.html]
[www.dukunsakti.co/tag/ki-agus-wardana/index.html]
[www.dukunsakti.co/santet-jago-merah/index7186.html]
[www.dukunsakti.co/indexd94c.html]
[www.dukunsakti.co/santet-jin-seribu/index7186.html]
[www.dukunsakti.co/indexafee.html]
[www.dukunsakti.co/santet-kunci-birahi/index7186.html]
[www.dukunsakti.co/index2204.html]
[www.dukunsakti.co/santet-pengunci-jodoh/index7186.html]
[www.dukunsakti.co/indexbc2a.html]
[www.dukunsakti.co/santet-petaka-bumi/index7186.html]
[www.dukunsakti.co/index99b5.html]
[www.dukunsakti.co/santet-tali-kafan/index7186.html]
[www.dukunsakti.co/indexd35f.html]
[www.dukunsakti.co/santet-tusuk-sate/index7186.html]
[www.dukunsakti.co/indexa9fa.html]
[www.dukunsakti.co/kontak/indexdf7c.html]
[www.dukunsakti.co/indexb8c4.html]
